// Jest Snapshot v1, https://goo.gl/fbAQLP

exports[`FundSelector Component should render correctly 1`] = `
<div>
  <div
    class="p-6 border rounded-lg bg-white shadow-lg md:sticky md:top-6"
  >
    <h2
      class="text-2xl font-bold mb-4"
    >
      Choose a Strategy
    </h2>
    <div
      class="mb-4"
    >
      <label
        class="block mb-2"
      >
        Select Strategy:
        <select
          class="w-full p-2 border rounded"
        >
          <option
            value=""
          >
            -- Select Strategy --
          </option>
          <option
            value="growth"
          >
            Growth Funds
          </option>
          <option
            value="responsible"
          >
            Responsible Fund
          </option>
        </select>
      </label>
    </div>
  </div>
</div>
`;
